+ echo 'Print list of s3 buckets'
Print list of s3 buckets
+ aws s3 ls
2026-08-02 14:11:25 enterprise-devops-tfstate-799997637340
2026-08-01 09:06:45 url-shortener-tfstate-799997637340
+ echo 'Print list of ec2 instances'
Print list of ec2 instances
+ aws ec2 describe-instances
+ jq '.Reservations[].Instances[].InstanceId'
"i-0da2100580672c3e0"
+ echo 'Print list of lambda functions'
Print list of lambda functions
+ aws lambda list-functions
{
    "Functions": []
}
+ echo 'Print list of IAM Users'
Print list of IAM Users
+ aws iam list-users
{
    "Users": [
        {
            "Path": "/",
            "UserName": "cloudwithpreetham",
            "UserId": "AIDA3UQ4TGLOA452QIY2K",
            "Arn": "arn:aws:iam::799997637340:user/cloudwithpreetham",
            "CreateDate": "2026-07-15T06:39:10+00:00",
            "PasswordLastUsed": "2026-08-11T18:30:59+00:00"
        }
    ]
}
+ echo 'Print list of s3 buckets'
Print list of s3 buckets
+ aws s3 ls
2026-08-02 14:11:25 enterprise-devops-tfstate-799997637340
2026-08-01 09:06:45 url-shortener-tfstate-799997637340
+ echo 'Print list of ec2 instances'
Print list of ec2 instances
+ aws ec2 describe-instances
+ jq '.Reservations[].Instances[].InstanceId'
"i-0da2100580672c3e0"
+ echo 'Print list of lambda functions'
Print list of lambda functions
+ aws lambda list-functions
{
    "Functions": []
}
+ echo 'Print list of IAM Users'
Print list of IAM Users
+ aws iam list-users
{
    "Users": [
        {
            "Path": "/",
            "UserName": "cloudwithpreetham",
            "UserId": "AIDA3UQ4TGLOA452QIY2K",
            "Arn": "arn:aws:iam::799997637340:user/cloudwithpreetham",
            "CreateDate": "2026-07-15T06:39:10+00:00",
            "PasswordLastUsed": "2026-08-11T18:30:59+00:00"
        }
    ]
}
+ echo 'Print list of s3 buckets'
Print list of s3 buckets
+ aws s3 ls
2026-08-02 14:11:25 enterprise-devops-tfstate-799997637340
2026-08-01 09:06:45 url-shortener-tfstate-799997637340
+ echo 'Print list of ec2 instances'
Print list of ec2 instances
+ aws ec2 describe-instances
+ jq '.Reservations[].Instances[].InstanceId'
"i-0da2100580672c3e0"
+ echo 'Print list of lambda functions'
Print list of lambda functions
+ aws lambda list-functions
{
    "Functions": []
}
+ echo 'Print list of IAM Users'
Print list of IAM Users
+ aws iam list-users
{
    "Users": [
        {
            "Path": "/",
            "UserName": "cloudwithpreetham",
            "UserId": "AIDA3UQ4TGLOA452QIY2K",
            "Arn": "arn:aws:iam::799997637340:user/cloudwithpreetham",
            "CreateDate": "2026-07-15T06:39:10+00:00",
            "PasswordLastUsed": "2026-08-11T18:30:59+00:00"
        }
    ]
}
+ echo 'Print list of s3 buckets'
Print list of s3 buckets
+ aws s3 ls
2026-08-02 14:11:25 enterprise-devops-tfstate-799997637340
2026-08-01 09:06:45 url-shortener-tfstate-799997637340
+ echo 'Print list of ec2 instances'
Print list of ec2 instances
+ aws ec2 describe-instances
+ jq '.Reservations[].Instances[].InstanceId'
"i-0da2100580672c3e0"
+ echo 'Print list of lambda functions'
Print list of lambda functions
+ aws lambda list-functions
{
    "Functions": []
}
+ echo 'Print list of IAM Users'
Print list of IAM Users
+ aws iam list-users
{
    "Users": [
        {
            "Path": "/",
            "UserName": "cloudwithpreetham",
            "UserId": "AIDA3UQ4TGLOA452QIY2K",
            "Arn": "arn:aws:iam::799997637340:user/cloudwithpreetham",
            "CreateDate": "2026-07-15T06:39:10+00:00",
            "PasswordLastUsed": "2026-08-11T18:30:59+00:00"
        }
    ]
}
+ echo 'Print list of s3 buckets'
Print list of s3 buckets
+ aws s3 ls
2026-08-02 14:11:25 enterprise-devops-tfstate-799997637340
2026-08-01 09:06:45 url-shortener-tfstate-799997637340
+ echo 'Print list of ec2 instances'
Print list of ec2 instances
+ aws ec2 describe-instances
+ jq '.Reservations[].Instances[].InstanceId'
"i-0da2100580672c3e0"
+ echo 'Print list of lambda functions'
Print list of lambda functions
+ aws lambda list-functions
{
    "Functions": []
}
+ echo 'Print list of IAM Users'
Print list of IAM Users
+ aws iam list-users
{
    "Users": [
        {
            "Path": "/",
            "UserName": "cloudwithpreetham",
            "UserId": "AIDA3UQ4TGLOA452QIY2K",
            "Arn": "arn:aws:iam::799997637340:user/cloudwithpreetham",
            "CreateDate": "2026-07-15T06:39:10+00:00",
            "PasswordLastUsed": "2026-08-11T18:30:59+00:00"
        }
    ]
}
+ echo 'Print list of s3 buckets'
Print list of s3 buckets
+ aws s3 ls
2026-08-02 14:11:25 enterprise-devops-tfstate-799997637340
2026-08-01 09:06:45 url-shortener-tfstate-799997637340
+ echo 'Print list of ec2 instances'
Print list of ec2 instances
+ aws ec2 describe-instances
+ jq '.Reservations[].Instances[].InstanceId'
"i-0da2100580672c3e0"
+ echo 'Print list of lambda functions'
Print list of lambda functions
+ aws lambda list-functions
{
    "Functions": []
}
+ echo 'Print list of IAM Users'
Print list of IAM Users
+ aws iam list-users
{
    "Users": [
        {
            "Path": "/",
            "UserName": "cloudwithpreetham",
            "UserId": "AIDA3UQ4TGLOA452QIY2K",
            "Arn": "arn:aws:iam::799997637340:user/cloudwithpreetham",
            "CreateDate": "2026-07-15T06:39:10+00:00",
            "PasswordLastUsed": "2026-08-11T18:30:59+00:00"
        }
    ]
}
+ echo 'Print list of s3 buckets'
Print list of s3 buckets
+ aws s3 ls
2026-08-02 14:11:25 enterprise-devops-tfstate-799997637340
2026-08-01 09:06:45 url-shortener-tfstate-799997637340
+ echo 'Print list of ec2 instances'
Print list of ec2 instances
+ aws ec2 describe-instances
+ jq '.Reservations[].Instances[].InstanceId'
"i-0da2100580672c3e0"
+ echo 'Print list of lambda functions'
Print list of lambda functions
+ aws lambda list-functions
{
    "Functions": []
}
+ echo 'Print list of IAM Users'
Print list of IAM Users
+ aws iam list-users
{
    "Users": [
        {
            "Path": "/",
            "UserName": "cloudwithpreetham",
            "UserId": "AIDA3UQ4TGLOA452QIY2K",
            "Arn": "arn:aws:iam::799997637340:user/cloudwithpreetham",
            "CreateDate": "2026-07-15T06:39:10+00:00",
            "PasswordLastUsed": "2026-08-11T18:30:59+00:00"
        }
    ]
}
+ echo 'Print list of s3 buckets'
Print list of s3 buckets
+ aws s3 ls
2026-08-02 14:11:25 enterprise-devops-tfstate-799997637340
2026-08-01 09:06:45 url-shortener-tfstate-799997637340
+ echo 'Print list of ec2 instances'
Print list of ec2 instances
+ aws ec2 describe-instances
+ jq '.Reservations[].Instances[].InstanceId'
"i-0da2100580672c3e0"
+ echo 'Print list of lambda functions'
Print list of lambda functions
+ aws lambda list-functions
{
    "Functions": []
}
+ echo 'Print list of IAM Users'
Print list of IAM Users
+ aws iam list-users
{
    "Users": [
        {
            "Path": "/",
            "UserName": "cloudwithpreetham",
            "UserId": "AIDA3UQ4TGLOA452QIY2K",
            "Arn": "arn:aws:iam::799997637340:user/cloudwithpreetham",
            "CreateDate": "2026-07-15T06:39:10+00:00",
            "PasswordLastUsed": "2026-08-11T18:30:59+00:00"
        }
    ]
}
+ echo 'Print list of s3 buckets'
Print list of s3 buckets
+ aws s3 ls
2026-08-02 14:11:25 enterprise-devops-tfstate-799997637340
2026-08-01 09:06:45 url-shortener-tfstate-799997637340
+ echo 'Print list of ec2 instances'
Print list of ec2 instances
+ aws ec2 describe-instances
+ jq '.Reservations[].Instances[].InstanceId'
"i-0da2100580672c3e0"
+ echo 'Print list of lambda functions'
Print list of lambda functions
+ aws lambda list-functions
{
    "Functions": []
}
+ echo 'Print list of IAM Users'
Print list of IAM Users
+ aws iam list-users
{
    "Users": [
        {
            "Path": "/",
            "UserName": "cloudwithpreetham",
            "UserId": "AIDA3UQ4TGLOA452QIY2K",
            "Arn": "arn:aws:iam::799997637340:user/cloudwithpreetham",
            "CreateDate": "2026-07-15T06:39:10+00:00",
            "PasswordLastUsed": "2026-08-11T18:30:59+00:00"
        }
    ]
}
